// Jest Snapshot v1, https://goo.gl/fbAQLP

exports[`EmailAuthentication should show the EmailAuthentication page 1`] = `
<tmpage-stub
  data-title="email-authentication"
  emptysubtitle=""
  emptytitle="No data"
  loaderpath=""
>
  <div
    class="card"
  >
    <h1
      class="authentication-title"
    >
      
      You are now signed in! ðŸš€
    
    </h1>
  </div>
</tmpage-stub>
`;
