// Jest Snapshot v1, https://goo.gl/fbAQLP

exports[`DelegationModal should display the delegation modal form 1`] = `
<actionmodal-stub
  amount="0"
  class="delegation-modal"
  id="delegation-modal"
  notifymessage="[object Object]"
  rewards=""
  submissionerrorprefix="Delegating failed"
  title="Delegate"
  transactiondata="[object Object]"
  validate="function () { [native code] }"
>
  <tmformgroup-stub
    class="action-modal-form-group"
  >
    <div
      class="form-message notice"
    >
      <span>
        
        It will take 21 days to unlock your tokens after a delegation and
        there is a risk that some tokens will be lost depending on the
        behaviour of the validator.
      
      </span>
    </div>
  </tmformgroup-stub>
   
  <tmformgroup-stub
    class="action-modal-form-group"
    fieldid="to"
    fieldlabel="To"
  >
    <tmfield-stub
      id="to"
      readonly=""
      type="text"
      value="cosmosvaladdr12324536463"
    />
     
    <!---->
     
    <!---->
  </tmformgroup-stub>
   
  <tmformgroup-stub
    class="action-modal-form-group"
    fieldid="from"
    fieldlabel="From"
  >
    <tmfield-stub
      id="from"
      options="[object Object],[object Object]"
      title="cosmos1234"
      type="select"
      value="0"
    />
  </tmformgroup-stub>
   
  <tmformgroup-stub
    class="action-modal-form-group"
    fieldid="amount"
    fieldlabel="Amount"
  >
    <span
      class="input-suffix-denom"
    >
      STAKE
    </span>
     
    <tmfieldgroup-stub>
      <tmfield-stub
        class="tm-field-addon"
        id="amount"
        placeholder="Amount"
        type="number"
        value="0"
      />
       
      <tmbtn-stub
        class="secondary addon-max"
        type="button"
        value="Set Max"
      />
    </tmfieldgroup-stub>
     
    <span
      class="form-message"
    >
      
      Available to Delegate
      :
      1000
      STAKEs
    
    </span>
     
    <!---->
  </tmformgroup-stub>
</actionmodal-stub>
`;
