// Jest Snapshot v1, https://goo.gl/fbAQLP

exports[`CardSignInRequired shows a sign in required card 1`] = `
<tmdatamsg-stub
  icon="account_box"
>
  <div>
    
    Sign In Required
  
  </div>
   
  <div>
    
    This page shows data for a specific address. To access the page, please
    
    <a>
      signÂ in
    </a>
    .
  
  </div>
</tmdatamsg-stub>
`;
