// Jest Snapshot v1, https://goo.gl/fbAQLP

exports[`TmModal has the expected html structure 1`] = `
<div
  class="modal-tutorial"
  tabindex="0"
>
  <main
    class="modal-tutorial-main"
  >
    <div
      class="modal-tutorial-header"
    >
      <a
        href="#"
      >
        <i
          class="material-icons chevron_left"
        />
      </a>
       
      <a
        href="#"
      >
        <i
          class="material-icons chevron_right"
        />
      </a>
       
      <a
        href="#"
      >
        <i
          class="material-icons close"
        />
      </a>
       
      <div
        class="top-bg"
      />
    </div>
     
    <div
      class="content"
    >
      <div
        class="steps"
      >
        <span
          class="current-step"
        >
          STEP 1
        </span>
         
        <div
          class="steps-container"
        >
          <span
            class="step completed"
          />
          <span
            class="step"
          />
          <span
            class="step"
          />
          <span
            class="step"
          />
        </div>
      </div>
       
      <h1>
        How to get tokens?
      </h1>
       
      <p>
        <span
          class="content-item"
        >
          
              Praesent vitae tristique erat.
            
        </span>
        <span
          class="content-item"
        >
          
              Integer ullamcorper ligula vel dolor sagittis nec fermentum risus pharetra.
            
        </span>
        <span
          class="content-item"
        >
          
              Nulla mollis tempus sem, a sollicitudin est facilisis ac.
            
        </span>
      </p>
       
      <button
        class="button primary"
      >
        
            Next step
            
        <i
          class="material-icons arrow_forward"
        />
      </button>
      <!---->
      <!---->
      <!---->
    </div>
  </main>
</div>
`;
