// Jest Snapshot v1, https://goo.gl/fbAQLP

exports[`TmDataLoading has the expected html structure 1`] = `
<div
  class="tm-data-msg"
>
  <img
    alt="a small spinning circle to display loading"
    class="tm-data-msg__icon"
    src="~assets/images/loader.svg"
  />
   
  <div
    class="tm-data-msg__text"
  >
    <div
      class="tm-data-msg__title"
      slot="title"
    >
      
      Data is loadingâ€¦
    
    </div>
     
    <div
      class="tm-data-msg__subtitle"
      slot="subtitle"
    >
      
      Please wait a moment.
    
    </div>
  </div>
</div>
`;
