// Jest Snapshot v1, https://goo.gl/fbAQLP

exports[`TmSessionImport has the expected html structure 1`] = `
<sessionframe-stub>
  <tmformstruct-stub
    submit="function () { [native code] }"
    width=""
  >
    <h2
      class="session-title"
    >
      
      Recover with backup code
    
    </h2>
     
    <div
      class="session-main"
    >
      <tmformgroup-stub
        fieldid="import-name"
        fieldlabel="Account Name"
      >
        <tmfield-stub
          id="import-name"
          placeholder="Must have at least 5 characters"
          type="text"
          value=""
          vue-focus="vue-focus"
        />
         
        <!---->
         
        <!---->
      </tmformgroup-stub>
       
      <tmformgroup-stub
        fieldid="import-password"
        fieldlabel="Password"
      >
        <tmfield-stub
          id="import-password"
          placeholder="Must be at least 10 characters"
          type="password"
          value=""
        />
         
        <!---->
         
        <!---->
      </tmformgroup-stub>
       
      <tmformgroup-stub
        fieldid="import-password-confirmation"
        fieldlabel="Confirm Password"
      >
        <tmfield-stub
          id="import-password-confirmation"
          placeholder="Enter password again"
          type="password"
          value=""
        />
         
        <!---->
      </tmformgroup-stub>
       
      <tmformgroup-stub
        fieldid="import-seed"
        fieldlabel="Backup code"
      >
        <fieldseed-stub
          id="import-seed"
          placeholder="Must be exactly 24 words"
          value=""
        />
         
        <!---->
      </tmformgroup-stub>
    </div>
     
    <div
      class="session-footer"
    >
      <tmbtn-stub
        value="Recover"
      />
    </div>
  </tmformstruct-stub>
</sessionframe-stub>
`;
