// Jest Snapshot v1, https://goo.gl/fbAQLP

exports[`TmSessionWelcome has the expected html structure 1`] = `
<sessionframe-stub>
  <div
    id="session-welcome"
  >
    <router-link-stub
      to="/"
    >
      <img
        alt="a small spinning circle to display loading"
        class="session-logo-mobile"
        src="~assets/images/lunie-logo-white.svg"
      />
    </router-link-stub>
     
    <h2
      class="session-title"
    >
      
      Welcome to Lunie
    
    </h2>
     
    <p
      class="session-paragraph"
    >
      
      Lunie is the staking and governance platform for proof-of-stake
      blockchains.
    
    </p>
     
    <div
      class="session-list"
    >
      <lisession-stub
        icon="person_add"
        id="create-new-address"
        route="create"
        title="Create a new address"
      />
       
      <lisession-stub
        icon="person"
        id="use-an-existing-address"
        route="existing"
        title="Use an existing address"
      />
    </div>
     
    <p
      class="footnote"
    >
      
      By using Lunie, you accept our
      
      <router-link-stub
        class="link"
        to="/terms"
      >
        
        Terms of Service
      
      </router-link-stub>
      
      and
      
      <router-link-stub
        class="link"
        to="/privacy"
      >
         Privacy Policy 
      </router-link-stub>
      .
    
    </p>
  </div>
</sessionframe-stub>
`;

exports[`TmSessionWelcome has the expected html structure when on mobile 1`] = `
<sessionframe-stub>
  <div
    id="session-welcome"
  >
    <router-link-stub
      to="/"
    >
      <img
        alt="a small spinning circle to display loading"
        class="session-logo-mobile"
        src="~assets/images/lunie-logo-white.svg"
      />
    </router-link-stub>
     
    <h2
      class="session-title"
    >
      
      Welcome to Lunie
    
    </h2>
     
    <p
      class="session-paragraph"
    >
      
      Lunie is the staking and governance platform for proof-of-stake
      blockchains.
    
    </p>
     
    <div
      class="session-list"
    >
      <lisession-stub
        icon="person_add"
        id="create-new-address"
        route="create"
        title="Create a new address"
      />
       
      <lisession-stub
        icon="person"
        id="use-an-existing-address"
        route="existing"
        title="Use an existing address"
      />
    </div>
     
    <p
      class="footnote"
    >
      
      By using Lunie, you accept our
      
      <router-link-stub
        class="link"
        to="/terms"
      >
        
        Terms of Service
      
      </router-link-stub>
      
      and
      
      <router-link-stub
        class="link"
        to="/privacy"
      >
         Privacy Policy 
      </router-link-stub>
      .
    
    </p>
  </div>
</sessionframe-stub>
`;
