// Jest Snapshot v1, https://goo.gl/fbAQLP

exports[`UndelegateMessageDetails renders a undelegate transaction message 1`] = `
<div
  class="tx__content"
>
  <transactionicon-stub
    transactiongroup="staking"
    transactiontype="Unstaked"
  />
   
  <div
    class="tx__content__left"
  >
    <h3>
      Unstaked
    </h3>
     
    <span>
      from 
    </span>
     
    <router-link-stub
      to="/staking/validators/cosmosvaloper1sjllsnramtg3ewxqwwrwjxfgc4n4ef9u2lcnj0"
    >
      <!---->
      
      cosmosvaloper…cnj0
    
    </router-link-stub>
  </div>
   
  <div
    class="tx__content__right"
  >
    <p
      class="amount"
    >
      
      0.1 ATOM
    
    </p>
  </div>
</div>
`;
