// Jest Snapshot v1, https://goo.gl/fbAQLP

exports[`WithdrawalDelegationRewardMessageDetails renders a withdraw delegation reward transaction message 1`] = `
<div
  class="tx__content"
>
  <transactionicon-stub
    transactiongroup="governance"
    transactiontype="Claimed"
  />
   
  <div
    class="tx__content__left"
  >
    <h3>
      Claimed
    </h3>
     
    <span>
      Rewards from 
    </span>
     
    <router-link-stub
      class="validator-link"
      to="/staking/validators/cosmosvaloper15r4tc0m6hc7z8drq3dzlrtcs6rq2q9l2nvwher"
    >
      <!---->
      
      SuperValidator
    
    </router-link-stub>
  </div>
</div>
`;

exports[`WithdrawalDelegationRewardMessageDetails renders a withdraw delegation reward transaction message without validator 1`] = `
<div
  class="tx__content"
>
  <transactionicon-stub
    transactiongroup="governance"
    transactiontype="Claimed"
  />
   
  <div
    class="tx__content__left"
  >
    <h3>
      Claimed
    </h3>
     
    <span>
      Rewards from 
    </span>
     
    <router-link-stub
      class="validator-link"
      to="/staking/validators/cosmosvaloper15r4tc0m6hc7z8drq3dzlrtcs6rq2q9l2nvwher"
    >
      <!---->
      
      SuperValidator
    
    </router-link-stub>
  </div>
</div>
`;
