// Jest Snapshot v1, https://goo.gl/fbAQLP

exports[`TransactionMetadata renders correct transaction metadata 1`] = `
<div
  class="tx__metadata"
>
  <p>
    
    Block
    
    <span>
      #1,234,567
    </span>
    
     
    <i
      class="material-icons"
    >
      access_time
    </i>
     00:00:00
  
  </p>
   
  <p>
    
    Liquid date:
    Sat Nov 16 2019 14:08:20 GMT+0000
  
  </p>
   
  <!---->
   
  <p>
    
    Fee:
    
    <b>
      0.001234
    </b>
     
    <span>
       ATOM
    </span>
  </p>
   
  <p>
    
    Hash: 
    <span
      class="hash"
    >
      ABCD1234
    </span>
  </p>
</div>
`;
