// Jest Snapshot v1, https://goo.gl/fbAQLP

exports[`TransactionList renders a list of TransactionItems 1`] = `
<div>
  <div>
    <h3>
      January 19th
    </h3>
     
    <transactionitem-stub
      address="cosmos1"
      showmetadata="true"
      transaction="[object Object]"
      validators="[object Object]"
    />
    <transactionitem-stub
      address="cosmos1"
      showmetadata="true"
      transaction="[object Object]"
      validators="[object Object]"
    />
    <transactionitem-stub
      address="cosmos1"
      showmetadata="true"
      transaction="[object Object]"
      validators="[object Object]"
    />
    <transactionitem-stub
      address="cosmos1"
      showmetadata="true"
      transaction="[object Object]"
      validators="[object Object]"
    />
    <transactionitem-stub
      address="cosmos1"
      showmetadata="true"
      transaction="[object Object]"
      validators="[object Object]"
    />
    <transactionitem-stub
      address="cosmos1"
      showmetadata="true"
      transaction="[object Object]"
      validators="[object Object]"
    />
    <transactionitem-stub
      address="cosmos1"
      showmetadata="true"
      transaction="[object Object]"
      validators="[object Object]"
    />
    <transactionitem-stub
      address="cosmos1"
      showmetadata="true"
      transaction="[object Object]"
      validators="[object Object]"
    />
    <transactionitem-stub
      address="cosmos1"
      showmetadata="true"
      transaction="[object Object]"
      validators="[object Object]"
    />
  </div>
</div>
`;
