// Jest Snapshot v1, https://goo.gl/fbAQLP

exports[`LiProposal has the expected html structure 1`] = `
<tr
  class="li-proposal"
>
  <td>
    <span
      class="proposal-status rejected"
    >
      
      Rejected
    
    </span>
     
    <h3
      class="li-proposal-title"
    >
      
      A new test proposal
    
    </h3>
     
    <p
      class="li-proposal-description"
    >
      
      This is a proposal send via Big Dipper with ledger
    
    </p>
     
    <router-link-stub
      class="read-more-link"
      to="/proposals/34"
    >
      Read the full proposal...
    </router-link-stub>
  </td>
</tr>
`;

exports[`LiProposal should survive the tally result not being present yet 1`] = `
<tr
  class="li-proposal"
>
  <td>
    <span
      class="proposal-status rejected"
    >
      
      Rejected
    
    </span>
     
    <h3
      class="li-proposal-title"
    >
      
      A new test proposal
    
    </h3>
     
    <p
      class="li-proposal-description"
    >
      
      This is a proposal send via Big Dipper with ledger
    
    </p>
     
    <router-link-stub
      class="read-more-link"
      to="/proposals/34"
    >
      Read the full proposal...
    </router-link-stub>
  </td>
</tr>
`;
