// Jest Snapshot v1, https://goo.gl/fbAQLP

exports[`TableProposals has the expected html structure 1`] = `
<div>
  <table
    class="data-table"
  >
    <tbody>
      <tr
        class="li-proposal"
      >
        <td>
          <span
            class="proposal-status rejected"
          >
            
      Rejected
    
          </span>
           
          <h3
            class="li-proposal-title"
          >
            
      Testing proposal from BD
    
          </h3>
           
          <p
            class="li-proposal-description"
          >
            
      test sending proposal
    
          </p>
           
          <router-link-stub
            class="read-more-link"
            to="/proposals/35"
          >
            Read the full proposal...
          </router-link-stub>
        </td>
      </tr>
      <tr
        class="li-proposal"
      >
        <td>
          <span
            class="proposal-status rejected"
          >
            
      Rejected
    
          </span>
           
          <h3
            class="li-proposal-title"
          >
            
      A new test proposal
    
          </h3>
           
          <p
            class="li-proposal-description"
          >
            
      This is a proposal send via Big Dipper with ledger
    
          </p>
           
          <router-link-stub
            class="read-more-link"
            to="/proposals/34"
          >
            Read the full proposal...
          </router-link-stub>
        </td>
      </tr>
      <tr
        class="li-proposal"
      >
        <td>
          <span
            class="proposal-status rejected"
          >
            
      Rejected
    
          </span>
           
          <h3
            class="li-proposal-title"
          >
            
      test
    
          </h3>
           
          <p
            class="li-proposal-description"
          >
            
      test
    
          </p>
           
          <router-link-stub
            class="read-more-link"
            to="/proposals/33"
          >
            Read the full proposal...
          </router-link-stub>
        </td>
      </tr>
      <tr
        class="li-proposal"
      >
        <td>
          <span
            class="proposal-status rejected"
          >
            
      Rejected
    
          </span>
           
          <h3
            class="li-proposal-title"
          >
            
      title
    
          </h3>
           
          <p
            class="li-proposal-description"
          >
            
      this is the description 
blah blah blah
it's really long
Instrument cultivated alteration any favourable expression law far nor. Both new like tore but year. An from mean on with when sing pain. Oh toâ€¦
    
          </p>
           
          <router-link-stub
            class="read-more-link"
            to="/proposals/32"
          >
            Read the full proposal...
          </router-link-stub>
        </td>
      </tr>
      <tr
        class="li-proposal"
      >
        <td>
          <span
            class="proposal-status rejected"
          >
            
      Rejected
    
          </span>
           
          <h3
            class="li-proposal-title"
          >
            
      test submit proposal
    
          </h3>
           
          <p
            class="li-proposal-description"
          >
            
      hello world
    
          </p>
           
          <router-link-stub
            class="read-more-link"
            to="/proposals/31"
          >
            Read the full proposal...
          </router-link-stub>
        </td>
      </tr>
      <tr
        class="li-proposal"
      >
        <td>
          <span
            class="proposal-status rejected"
          >
            
      Rejected
    
          </span>
           
          <h3
            class="li-proposal-title"
          >
            
      Hello Cosmos
    
          </h3>
           
          <p
            class="li-proposal-description"
          >
            
      Cosmic Girl attempting communication
    
          </p>
           
          <router-link-stub
            class="read-more-link"
            to="/proposals/28"
          >
            Read the full proposal...
          </router-link-stub>
        </td>
      </tr>
      <tr
        class="li-proposal"
      >
        <td>
          <span
            class="proposal-status rejected"
          >
            
      Rejected
    
          </span>
           
          <h3
            class="li-proposal-title"
          >
            
      Hello
    
          </h3>
           
          <p
            class="li-proposal-description"
          >
            
      Cosmic
    
          </p>
           
          <router-link-stub
            class="read-more-link"
            to="/proposals/27"
          >
            Read the full proposal...
          </router-link-stub>
        </td>
      </tr>
      <tr
        class="li-proposal"
      >
        <td>
          <span
            class="proposal-status rejected"
          >
            
      Rejected
    
          </span>
           
          <h3
            class="li-proposal-title"
          >
            
      test 2
    
          </h3>
           
          <p
            class="li-proposal-description"
          >
            
      test
    
          </p>
           
          <router-link-stub
            class="read-more-link"
            to="/proposals/24"
          >
            Read the full proposal...
          </router-link-stub>
        </td>
      </tr>
      <tr
        class="li-proposal"
      >
        <td>
          <span
            class="proposal-status rejected"
          >
            
      Rejected
    
          </span>
           
          <h3
            class="li-proposal-title"
          >
            
      test submit proposal
    
          </h3>
           
          <p
            class="li-proposal-description"
          >
            
      test submit proposal desc
    
          </p>
           
          <router-link-stub
            class="read-more-link"
            to="/proposals/23"
          >
            Read the full proposal...
          </router-link-stub>
        </td>
      </tr>
      <tr
        class="li-proposal"
      >
        <td>
          <span
            class="proposal-status rejected"
          >
            
      Rejected
    
          </span>
           
          <h3
            class="li-proposal-title"
          >
            
      test submit proposal
    
          </h3>
           
          <p
            class="li-proposal-description"
          >
            
      test submit proposal desc
    
          </p>
           
          <router-link-stub
            class="read-more-link"
            to="/proposals/22"
          >
            Read the full proposal...
          </router-link-stub>
        </td>
      </tr>
      <tr
        class="li-proposal"
      >
        <td>
          <span
            class="proposal-status rejected"
          >
            
      Rejected
    
          </span>
           
          <h3
            class="li-proposal-title"
          >
            
      test submit proposal
    
          </h3>
           
          <p
            class="li-proposal-description"
          >
            
      test submit proposal desc
    
          </p>
           
          <router-link-stub
            class="read-more-link"
            to="/proposals/21"
          >
            Read the full proposal...
          </router-link-stub>
        </td>
      </tr>
      <tr
        class="li-proposal"
      >
        <td>
          <span
            class="proposal-status rejected"
          >
            
      Rejected
    
          </span>
           
          <h3
            class="li-proposal-title"
          >
            
      test submit proposal
    
          </h3>
           
          <p
            class="li-proposal-description"
          >
            
      test submit proposal desc
    
          </p>
           
          <router-link-stub
            class="read-more-link"
            to="/proposals/20"
          >
            Read the full proposal...
          </router-link-stub>
        </td>
      </tr>
      <tr
        class="li-proposal"
      >
        <td>
          <span
            class="proposal-status rejected"
          >
            
      Rejected
    
          </span>
           
          <h3
            class="li-proposal-title"
          >
            
      prop test v34
    
          </h3>
           
          <p
            class="li-proposal-description"
          >
            
      test gov proposal after updating to 34.0
    
          </p>
           
          <router-link-stub
            class="read-more-link"
            to="/proposals/17"
          >
            Read the full proposal...
          </router-link-stub>
        </td>
      </tr>
      <tr
        class="li-proposal"
      >
        <td>
          <span
            class="proposal-status rejected"
          >
            
      Rejected
    
          </span>
           
          <h3
            class="li-proposal-title"
          >
            
      kiostest
    
          </h3>
           
          <p
            class="li-proposal-description"
          >
            
      vote test
    
          </p>
           
          <router-link-stub
            class="read-more-link"
            to="/proposals/15"
          >
            Read the full proposal...
          </router-link-stub>
        </td>
      </tr>
      <tr
        class="li-proposal"
      >
        <td>
          <span
            class="proposal-status rejected"
          >
            
      Rejected
    
          </span>
           
          <h3
            class="li-proposal-title"
          >
            
      Test
    
          </h3>
           
          <p
            class="li-proposal-description"
          >
            
      This is a test proposal
    
          </p>
           
          <router-link-stub
            class="read-more-link"
            to="/proposals/14"
          >
            Read the full proposal...
          </router-link-stub>
        </td>
      </tr>
      <tr
        class="li-proposal"
      >
        <td>
          <span
            class="proposal-status rejected"
          >
            
      Rejected
    
          </span>
           
          <h3
            class="li-proposal-title"
          >
            
      test
    
          </h3>
           
          <p
            class="li-proposal-description"
          >
            
      d
    
          </p>
           
          <router-link-stub
            class="read-more-link"
            to="/proposals/13"
          >
            Read the full proposal...
          </router-link-stub>
        </td>
      </tr>
      <tr
        class="li-proposal"
      >
        <td>
          <span
            class="proposal-status rejected"
          >
            
      Rejected
    
          </span>
           
          <h3
            class="li-proposal-title"
          >
            
      test 2
    
          </h3>
           
          <p
            class="li-proposal-description"
          >
            
      test 2
    
          </p>
           
          <router-link-stub
            class="read-more-link"
            to="/proposals/12"
          >
            Read the full proposal...
          </router-link-stub>
        </td>
      </tr>
    </tbody>
  </table>
</div>
`;
