// Jest Snapshot v1, https://goo.gl/fbAQLP

exports[`DelegationsOverview shows a sentiment of dissatisfaction when you have no such delegations 1`] = `
<div
  class="table-container"
>
  <tmdatamsg-stub
    icon="sentiment_dissatisfied"
    iconcolor="var(--warning)"
  >
    <div>
      No validators in your portfolio
    </div>
     
    <div>
      
      Head over to the
      
      <a>
        validator list
      </a>
      Â to get staking!
    
    </div>
  </tmdatamsg-stub>
</div>
`;

exports[`DelegationsOverview shows an overview over all delegations of the user 1`] = `
<div
  class="table-container"
>
  <div>
    <h1>
      Your Validators
    </h1>
     
    <tablevalidators-stub
      delegations="[object Object],[object Object],[object Object]"
      showonmobile="expectedReturns"
      validators="[object Object],[object Object],[object Object]"
    />
  </div>
</div>
`;
