// Jest Snapshot v1, https://goo.gl/fbAQLP

exports[`NetworkList shows a list of networks 1`] = `
<ul
  class="network-list"
>
  <li
    class="select-network-item"
  >
    <networkitem-stub
      networkitem="[object Object]"
    />
  </li>
  <li
    class="select-network-item selected"
  >
    <networkitem-stub
      networkitem="[object Object]"
    />
  </li>
</ul>
`;
